Checking availability of current mirror:
[*] https://grimler.se/termux/termux-main: ok

WARNING: apt does not have a stable CLI interface. Use with caution in scripts.

Hit:1 https://grimler.se/termux/termux-main stable InRelease
Reading package lists...
Building dependency tree...
Reading state information...
All packages are up to date.
Checking availability of current mirror:
[*] https://grimler.se/termux/termux-main: ok

WARNING: apt does not have a stable CLI interface. Use with caution in scripts.

Hit:1 https://grimler.se/termux/termux-main stable InRelease
Reading package lists...
Building dependency tree...
Reading state information...
All packages are up to date.

WARNING: apt does not have a stable CLI interface. Use with caution in scripts.

Reading package lists...
Building dependency tree...
Reading state information...
Calculating upgrade...
0 upgraded, 0 newly installed, 0 to remove and 0 not upgraded.
Checking availability of current mirror:
[*] https://grimler.se/termux/termux-main: ok

WARNING: apt does not have a stable CLI interface. Use with caution in scripts.

Reading package lists...
Building dependency tree...
Reading state information...
proot-distro is already the newest version (5.4.1).
wget is already the newest version (1.25.0-1).
curl is already the newest version (8.21.0).
0 upgraded, 0 newly installed, 0 to remove and 0 not upgraded.
[*] Updating Debian package lists...
Hit:1 http://deb.debian.org/debian trixie InRelease
Hit:2 http://deb.debian.org/debian trixie-updates InRelease
Hit:3 https://downloads.metasploit.com/data/releases/metasploit-framework/apt lucid InRelease
Hit:4 http://deb.debian.org/debian-security trixie-security InRelease
Reading package lists...
[*] Installing core dependencies...
Reading package lists...
Building dependency tree...
Reading state information...
curl is already the newest version (8.14.1-2+deb13u4).
wget is already the newest version (1.25.0-2).
gnupg2 is already the newest version (2.4.7-21+deb13u1).
lsb-release is already the newest version (12.1-1).
postgresql is already the newest version (17+278).
ca-certificates is already the newest version (20250419).
libpcap-dev is already the newest version (1.10.5-2).
libpq-dev is already the newest version (17.10-0+deb13u1).
iputils-ping is already the newest version (3:20240905-3).
nmap is already the newest version (7.95+dfsg-3).
net-tools is already the newest version (2.10-1.3).
ruby is already the newest version (1:3.3+b1).
ruby-dev is already the newest version (1:3.3+b1).
build-essential is already the newest version (12.12).
0 upgraded, 0 newly installed, 0 to remove and 0 not upgraded.
[*] Downloading Rapid7 official MSF installer...
[*] Running Rapid7 official installer (pre-built - no gem compilation)...
Adding metasploit-framework to your repository list..Updating package cache..OK
Checking for and installing update..
Reading package lists...
Building dependency tree...
Reading state information...
metasploit-framework is already the newest version (6.4.145~20260718060921~1rapid7-1).
0 upgraded, 0 newly installed, 0 to remove and 0 not upgraded.
[*] Setting up PostgreSQL for Metasploit...
No PostgreSQL clusters exist; see "man pg_createcluster" ... (warning).
[*] Creating Metasploit database config...
[+] Debian setup complete!
